17:26:17 | INFO    | ETL | data=/home/user/Technical_Assessment_HamidrezaNademi/dataset/Sample_Data.xlsx | out=/home/user/Technical_Assessment_HamidrezaNademi/results_part1_step2_etl_pipeline
17:26:17 | INFO    | RUN 20261007T172617Z
17:26:17 | INFO    | ▶ extract
17:26:18 | INFO    | ✔ extract | in=None out=7839 | 0.97s
17:26:18 | INFO    | ▶ transform: standardise & coerce types
17:26:18 | INFO    |    • infinite_value                  897 rows | set_null
17:26:18 | INFO    | ✔ transform: standardise & coerce types | in=7839 out=7839 | 0.04s
17:26:18 | INFO    | ▶ transform: validate (quarantine unusable rows)
17:26:18 | INFO    | ✔ transform: validate (quarantine unusable rows) | in=7839 out=7839 | 0.01s
17:26:18 | INFO    | ▶ transform: de-duplicate
17:26:18 | INFO    |    • duplicate_exact                  39 rows | dropped
17:26:18 | INFO    | ✔ transform: de-duplicate | in=7839 out=7800 | 0.01s
17:26:18 | INFO    | ▶ transform: recover missing Sales_Units
17:26:18 | INFO    |    • missing_sales_recovered          16 rows | imputed_revenue_div_price
17:26:18 | INFO    | ✔ transform: recover missing Sales_Units | in=7800 out=7800 | 0.01s
17:26:18 | INFO    | ▶ transform: flag anomalies / outliers
17:26:18 | INFO    |    • zero_sales                     1329 rows | flagged
17:26:18 | INFO    |    • sales_pileup                   2116 rows | flagged
17:26:18 | INFO    |    • inventory_pileup               4143 rows | flagged
17:26:18 | INFO    |    • inventory_timing_offset         907 rows | reinterpreted
17:26:18 | INFO    |    • stockout_week                  1329 rows | flagged
17:26:18 | INFO    |    • stock_limited                  2813 rows | flagged
17:26:18 | INFO    |    • stock_unknown                    30 rows | flagged
17:26:18 | INFO    |    • forecast_missing                606 rows | kept_null
17:26:18 | INFO    |    • sales_outlier                    23 rows | flagged+winsorized_copy
17:26:18 | INFO    | ✔ transform: flag anomalies / outliers | in=7800 out=7800 | 0.10s
17:26:18 | INFO    | ▶ transform: recompute derived KPIs
17:26:18 | INFO    | ✔ transform: recompute derived KPIs | in=7800 out=7800 | 0.01s
17:26:18 | INFO    | ▶ transform: coverage check (product x week grid)
17:26:18 | INFO    | ✔ transform: coverage check (product x week grid) | in=7800 out=7800 | 0.01s
17:26:18 | INFO    | ▶ build dimensions & fact
17:26:18 | INFO    | ✔ build dimensions & fact | in=7800 out=7800 | 0.03s
17:26:18 | INFO    | ▶ load to SQLite (single transaction)
17:26:19 | INFO    | ✔ load to SQLite (single transaction) | in=7800 out=7800 | 0.23s
17:26:19 | INFO    | ▶ post-load validation
17:26:19 | INFO    | ✔ post-load validation | in=None out=16 | 0.02s
